// Jest Snapshot v1, https://goo.gl/fbAQLP

exports[`App should match the snapshot 1`] = `
<div
  className="App"
>
  <NavBar />
  <Switch>
    <Route
      path="/profile"
      render={[Function]}
    />
    <Route
      path="/"
      render={[Function]}
    />
  </Switch>
  <Switch>
    <Route
      path="/login"
      render={[Function]}
    />
    <Route
      component={[Function]}
      path="/event/:id"
    />
    <Route
      component={[Function]}
      path="/profile/upcoming/event/:id"
    />
    <Route
      component={[Function]}
      path="/profile/wishlist/event/:id"
    />
    <Route
      component={[Function]}
      path="/profile/past/event/:id"
    />
  </Switch>
</div>
`;

exports[`App should match the snapshot when there is an error 1`] = `
<div
  className="App"
>
  <NavBar />
  <div
    className="error-message"
  >
    <h1>
      Sorry, there was an error. Please try again.
    </h1>
    <button
      className="back-button"
      onClick={[Function]}
    >
      Go Back
    </button>
  </div>
</div>
`;
