// Jest Snapshot v1, https://goo.gl/fbAQLP

exports[`NavBar should match the snapshot 1`] = `
<div
  className="NavBar"
>
  <NavLink
    to="/"
  >
    <h2
      className="ventures-title"
    >
      Ventures
    </h2>
  </NavLink>
  <p
    className="ventures-slogan"
  >
    A place to find and track outdoor events that speak to you.
  </p>
  <NavLink
    className="home-button"
    to="/"
  />
  <NavLink
    className="profile-button"
    to="/profile/upcoming"
  />
</div>
`;
