// Jest Snapshot v1, https://goo.gl/fbAQLP

exports[`SearchBar should match the snapshot 1`] = `
<div
  className="SearchBar"
>
  <h3
    className="searchbar-title"
  >
    SEARCH EVENTS
  </h3>
  <div
    className="searchbar-container"
  >
    <img
      alt="search icon"
      className="searchbar-icon"
      src="search.svg"
    />
    <input
      className="searchbar-input"
      name="searchQuery"
      onChange={[Function]}
      placeholder="Search all events"
    />
  </div>
</div>
`;
